在使用天勤量化之前，默认您已经知晓并同意以下免责条款，如果不同意请立即停止使用：https://www.shinnytech.com/blog/disclaimer/
[09:59:03] 待补日期: ['20260702', '20260703', '20260706']
2026-07-07 09:59:04 -     INFO - 通知 : 与 wss://api.shinnytech.com/t/nfmd/front/mobile 的网络连接已建立
[09:59:07] 20260702 符号清单: 腿 673  组合 1162  (已完成 0)
[09:59:07]   批 1/306  组合tick+2625  腿1m+0  完成6/1835
[09:59:07]   批 2/306  组合tick+3260  腿1m+0  完成12/1835
[09:59:07]   批 3/306  组合tick+3532  腿1m+0  完成18/1835
[09:59:08]   批 4/306  组合tick+3945  腿1m+0  完成24/1835
[09:59:08]   批 5/306  组合tick+17555  腿1m+0  完成30/1835
[09:59:09]   批 6/306  组合tick+24539  腿1m+0  完成36/1835
[09:59:09]   批 7/306  组合tick+24907  腿1m+0  完成42/1835
[09:59:10]   批 8/306  组合tick+30856  腿1m+0  完成48/1835
[09:59:10]   批 9/306  组合tick+32802  腿1m+0  完成54/1835
[09:59:10]   批 10/306  组合tick+32817  腿1m+0  完成60/1835
[09:59:10]   批 11/306  组合tick+32823  腿1m+0  完成66/1835
[09:59:11]   批 12/306  组合tick+33019  腿1m+0  完成72/1835
[09:59:11]   批 13/306  组合tick+33033  腿1m+0  完成78/1835
[09:59:11]   批 14/306  组合tick+33065  腿1m+0  完成84/1835
[09:59:11]   批 15/306  组合tick+38385  腿1m+0  完成90/1835
[09:59:12]   批 16/306  组合tick+53202  腿1m+0  完成96/1835
[09:59:13]   批 17/306  组合tick+61815  腿1m+0  完成102/1835
[09:59:14]   批 18/306  组合tick+66490  腿1m+0  完成108/1835
[09:59:14]   批 19/306  组合tick+66912  腿1m+0  完成114/1835
[09:59:15]   批 20/306  组合tick+66918  腿1m+0  完成120/1835
[09:59:16]   批 21/306  组合tick+66923  腿1m+0  完成126/1835
[09:59:17]   批 22/306  组合tick+66923  腿1m+0  完成132/1835
[09:59:18]   批 23/306  组合tick+66923  腿1m+0  完成138/1835
[09:59:18]   批 24/306  组合tick+66923  腿1m+0  完成144/1835
[09:59:19]   批 25/306  组合tick+66923  腿1m+0  完成150/1835
[09:59:20]   批 26/306  组合tick+66952  腿1m+0  完成156/1835
[09:59:21]   批 27/306  组合tick+72908  腿1m+0  完成162/1835
[09:59:23]   批 28/306  组合tick+105426  腿1m+0  完成168/1835
[09:59:25]   批 29/306  组合tick+134090  腿1m+0  完成174/1835
[09:59:26]   批 30/306  组合tick+141249  腿1m+0  完成180/1835
[09:59:27]   批 31/306  组合tick+151634  腿1m+0  完成186/1835
[09:59:28]   批 32/306  组合tick+158863  腿1m+0  完成192/1835
[09:59:28]   批 33/306  组合tick+159995  腿1m+0  完成198/1835
[09:59:30]   批 34/306  组合tick+174332  腿1m+0  完成204/1835
[09:59:31]   批 35/306  组合tick+188929  腿1m+0  完成210/1835
[09:59:32]   批 36/306  组合tick+195365  腿1m+0  完成216/1835
[09:59:33]   批 37/306  组合tick+197368  腿1m+0  完成222/1835
[09:59:34]   批 38/306  组合tick+208326  腿1m+0  完成228/1835
[09:59:35]   批 39/306  组合tick+216647  腿1m+0  完成234/1835
[09:59:36]   批 40/306  组合tick+217096  腿1m+0  完成240/1835
[09:59:37]   批 41/306  组合tick+217401  腿1m+0  完成246/1835
[09:59:38]   批 42/306  组合tick+218308  腿1m+0  完成252/1835
[09:59:39]   批 43/306  组合tick+228272  腿1m+0  完成258/1835
[09:59:40]   批 44/306  组合tick+230419  腿1m+0  完成264/1835
[09:59:41]   批 45/306  组合tick+230718  腿1m+0  完成270/1835
[09:59:42]   批 46/306  组合tick+230739  腿1m+0  完成276/1835
[09:59:43]   批 47/306  组合tick+230745  腿1m+0  完成282/1835
[09:59:43]   批 48/306  组合tick+230751  腿1m+0  完成288/1835
[09:59:44]   批 49/306  组合tick+230757  腿1m+0  完成294/1835
[09:59:45]   批 50/306  组合tick+232200  腿1m+0  完成300/1835
[09:59:46]   批 51/306  组合tick+243204  腿1m+0  完成306/1835
[09:59:47]   批 52/306  组合tick+243387  腿1m+0  完成312/1835
[09:59:48]   批 53/306  组合tick+243532  腿1m+0  完成318/1835
[09:59:49]   批 54/306  组合tick+246736  腿1m+0  完成324/1835
[09:59:51]   批 55/306  组合tick+267044  腿1m+0  完成330/1835
[09:59:53]   批 56/306  组合tick+281714  腿1m+0  完成336/1835
[09:59:54]   批 57/306  组合tick+290492  腿1m+0  完成342/1835
[09:59:54]   批 58/306  组合tick+290757  腿1m+0  完成348/1835
[09:59:54]   批 59/306  组合tick+290763  腿1m+0  完成354/1835
[09:59:55]   批 60/306  组合tick+290769  腿1m+0  完成360/1835
[09:59:56]   批 61/306  组合tick+298166  腿1m+0  完成366/1835
[09:59:58]   批 62/306  组合tick+314381  腿1m+0  完成372/1835
[09:59:59]   批 63/306  组合tick+325623  腿1m+0  完成378/1835
[10:00:00]   批 64/306  组合tick+328926  腿1m+0  完成384/1835
[10:00:00]   批 65/306  组合tick+328930  腿1m+0  完成390/1835
[10:00:01]   批 66/306  组合tick+329060  腿1m+0  完成396/1835
[10:00:03]   批 67/306  组合tick+333626  腿1m+0  完成402/1835
[10:00:04]   批 68/306  组合tick+347455  腿1m+0  完成408/1835
[10:00:06]   批 69/306  组合tick+356441  腿1m+0  完成414/1835
[10:00:06]   批 70/306  组合tick+364664  腿1m+0  完成420/1835
[10:00:07]   批 71/306  组合tick+364865  腿1m+0  完成426/1835
[10:00:08]   批 72/306  组合tick+366666  腿1m+0  完成432/1835
[10:00:09]   批 73/306  组合tick+382035  腿1m+0  完成438/1835
[10:00:10]   批 74/306  组合tick+390656  腿1m+0  完成444/1835
[10:00:11]   批 75/306  组合tick+391865  腿1m+0  完成450/1835
[10:00:12]   批 76/306  组合tick+396450  腿1m+0  完成456/1835
[10:00:13]   批 77/306  组合tick+405913  腿1m+0  完成462/1835
[10:00:14]   批 78/306  组合tick+421732  腿1m+0  完成468/1835
[10:00:15]   批 79/306  组合tick+431404  腿1m+0  完成474/1835
[10:00:16]   批 80/306  组合tick+432402  腿1m+0  完成480/1835
[10:00:17]   批 81/306  组合tick+434682  腿1m+0  完成486/1835
[10:00:19]   批 82/306  组合tick+444017  腿1m+0  完成492/1835
[10:00:20]   批 83/306  组合tick+449771  腿1m+0  完成498/1835
[10:00:20]   批 84/306  组合tick+454221  腿1m+0  完成504/1835
[10:00:21]   批 85/306  组合tick+454274  腿1m+0  完成510/1835
[10:00:23]   批 86/306  组合tick+473411  腿1m+0  完成516/1835
[10:00:24]   批 87/306  组合tick+478123  腿1m+0  完成522/1835
[10:00:25]   批 88/306  组合tick+483247  腿1m+0  完成528/1835
[10:00:27]   批 89/306  组合tick+496655  腿1m+0  完成534/1835
[10:00:30]   批 90/306  组合tick+537807  腿1m+0  完成540/1835
[10:00:31]   批 91/306  组合tick+558514  腿1m+0  完成546/1835
[10:00:32]   批 92/306  组合tick+559040  腿1m+0  完成552/1835
[10:00:32]   批 93/306  组合tick+560139  腿1m+0  完成558/1835
[10:00:33]   批 94/306  组合tick+563807  腿1m+0  完成564/1835
[10:00:34]   批 95/306  组合tick+567616  腿1m+0  完成570/1835
[10:00:35]   批 96/306  组合tick+571600  腿1m+0  完成576/1835
[10:00:36]   批 97/306  组合tick+571605  腿1m+0  完成582/1835
[10:00:37]   批 98/306  组合tick+571611  腿1m+0  完成588/1835
[10:00:38]   批 99/306  组合tick+571617  腿1m+0  完成594/1835
[10:00:38]   批 100/306  组合tick+571623  腿1m+0  完成600/1835
[10:00:39]   批 101/306  组合tick+571629  腿1m+0  完成606/1835
[10:00:40]   批 102/306  组合tick+571635  腿1m+0  完成612/1835
[10:00:42]   批 103/306  组合tick+571641  腿1m+0  完成618/1835
[10:00:42]   批 104/306  组合tick+571678  腿1m+0  完成624/1835
[10:00:43]   批 105/306  组合tick+575134  腿1m+0  完成630/1835
[10:00:45]   批 106/306  组合tick+576505  腿1m+0  完成636/1835
[10:00:46]   批 107/306  组合tick+577090  腿1m+0  完成642/1835
[10:00:47]   批 108/306  组合tick+578045  腿1m+0  完成648/1835
[10:00:49]   批 109/306  组合tick+578869  腿1m+0  完成654/1835
[10:00:51]   批 110/306  组合tick+578926  腿1m+0  完成660/1835
[10:00:52]   批 111/306  组合tick+578926  腿1m+0  完成666/1835
[10:00:54]   批 112/306  组合tick+578932  腿1m+0  完成672/1835
[10:00:56]   批 113/306  组合tick+580878  腿1m+0  完成678/1835
[10:00:57]   批 114/306  组合tick+581106  腿1m+0  完成684/1835
[10:00:59]   批 115/306  组合tick+581243  腿1m+0  完成690/1835
[10:01:01]   批 116/306  组合tick+581266  腿1m+0  完成696/1835
[10:01:03]   批 117/306  组合tick+582567  腿1m+0  完成702/1835
[10:01:04]   批 118/306  组合tick+582989  腿1m+0  完成708/1835
[10:01:06]   批 119/306  组合tick+583945  腿1m+0  完成714/1835
[10:01:08]   批 120/306  组合tick+584353  腿1m+0  完成720/1835
[10:01:10]   批 121/306  组合tick+584504  腿1m+0  完成726/1835
[10:01:12]   批 122/306  组合tick+594020  腿1m+0  完成732/1835
[10:01:13]   批 123/306  组合tick+596086  腿1m+0  完成738/1835
[10:01:15]   批 124/306  组合tick+596125  腿1m+0  完成744/1835
[10:01:17]   批 125/306  组合tick+597601  腿1m+0  完成750/1835
[10:01:19]   批 126/306  组合tick+602918  腿1m+0  完成756/1835
[10:01:21]   批 127/306  组合tick+604494  腿1m+0  完成762/1835
[10:01:23]   批 128/306  组合tick+604503  腿1m+0  完成768/1835
[10:01:25]   批 129/306  组合tick+604778  腿1m+0  完成774/1835
[10:01:26]   批 130/306  组合tick+604893  腿1m+0  完成780/1835
[10:01:28]   批 131/306  组合tick+604916  腿1m+0  完成786/1835
[10:01:30]   批 132/306  组合tick+606598  腿1m+0  完成792/1835
[10:01:32]   批 133/306  组合tick+610154  腿1m+0  完成798/1835
[10:01:34]   批 134/306  组合tick+611494  腿1m+0  完成804/1835
[10:01:36]   批 135/306  组合tick+611528  腿1m+0  完成810/1835
[10:01:38]   批 136/306  组合tick+612995  腿1m+0  完成816/1835
[10:01:40]   批 137/306  组合tick+613138  腿1m+0  完成822/1835
[10:01:41]   批 138/306  组合tick+613147  腿1m+0  完成828/1835
[10:01:44]   批 139/306  组合tick+616139  腿1m+0  完成834/1835
[10:01:46]   批 140/306  组合tick+620391  腿1m+0  完成840/1835
[10:01:48]   批 141/306  组合tick+622598  腿1m+0  完成846/1835
[10:01:50]   批 142/306  组合tick+624014  腿1m+0  完成852/1835
[10:01:51]   批 143/306  组合tick+626844  腿1m+0  完成858/1835
[10:01:53]   批 144/306  组合tick+628197  腿1m+0  完成864/1835
[10:01:55]   批 145/306  组合tick+628197  腿1m+0  完成870/1835
[10:01:57]   批 146/306  组合tick+629562  腿1m+0  完成876/1835
[10:01:59]   批 147/306  组合tick+629562  腿1m+0  完成882/1835
[10:02:02]   批 148/306  组合tick+636337  腿1m+0  完成888/1835
[10:02:03]   批 149/306  组合tick+637421  腿1m+0  完成894/1835
[10:02:05]   批 150/306  组合tick+639140  腿1m+0  完成900/1835
[10:02:07]   批 151/306  组合tick+640066  腿1m+0  完成906/1835
[10:02:09]   批 152/306  组合tick+640156  腿1m+0  完成912/1835
[10:02:11]   批 153/306  组合tick+640271  腿1m+0  完成918/1835
[10:02:13]   批 154/306  组合tick+640299  腿1m+0  完成924/1835
[10:02:16]   批 155/306  组合tick+641802  腿1m+0  完成930/1835
[10:02:17]   批 156/306  组合tick+642446  腿1m+0  完成936/1835
[10:02:20]   批 157/306  组合tick+643197  腿1m+0  完成942/1835
[10:02:22]   批 158/306  组合tick+644147  腿1m+0  完成948/1835
[10:02:24]   批 159/306  组合tick+647219  腿1m+0  完成954/1835
[10:02:26]   批 160/306  组合tick+648204  腿1m+0  完成960/1835
[10:02:28]   批 161/306  组合tick+649856  腿1m+0  完成966/1835
[10:02:30]   批 162/306  组合tick+651698  腿1m+0  完成972/1835
[10:02:32]   批 163/306  组合tick+658122  腿1m+0  完成978/1835
[10:02:35]   批 164/306  组合tick+659631  腿1m+0  完成984/1835
[10:02:37]   批 165/306  组合tick+661313  腿1m+0  完成990/1835
[10:02:39]   批 166/306  组合tick+663734  腿1m+0  完成996/1835
[10:02:41]   批 167/306  组合tick+665259  腿1m+0  完成1002/1835
[10:02:43]   批 168/306  组合tick+665477  腿1m+0  完成1008/1835
[10:02:45]   批 169/306  组合tick+665477  腿1m+0  完成1014/1835
[10:02:48]   批 170/306  组合tick+671506  腿1m+0  完成1020/1835
[10:02:50]   批 171/306  组合tick+675130  腿1m+0  完成1026/1835
[10:02:53]   批 172/306  组合tick+681415  腿1m+0  完成1032/1835
[10:02:55]   批 173/306  组合tick+683698  腿1m+0  完成1038/1835
[10:02:57]   批 174/306  组合tick+685973  腿1m+0  完成1044/1835
[10:02:59]   批 175/306  组合tick+685998  腿1m+0  完成1050/1835
[10:03:01]   批 176/306  组合tick+686092  腿1m+0  完成1056/1835
[10:03:03]   批 177/306  组合tick+686312  腿1m+0  完成1062/1835
[10:03:06]   批 178/306  组合tick+686327  腿1m+0  完成1068/1835
[10:03:08]   批 179/306  组合tick+686357  腿1m+0  完成1074/1835
[10:03:10]   批 180/306  组合tick+686357  腿1m+0  完成1080/1835
[10:03:12]   批 181/306  组合tick+687721  腿1m+0  完成1086/1835
[10:03:14]   批 182/306  组合tick+689421  腿1m+0  完成1092/1835
[10:03:17]   批 183/306  组合tick+691405  腿1m+0  完成1098/1835
[10:03:19]   批 184/306  组合tick+692258  腿1m+0  完成1104/1835
[10:03:21]   批 185/306  组合tick+693126  腿1m+0  完成1110/1835
[10:03:24]   批 186/306  组合tick+693248  腿1m+0  完成1116/1835
[10:03:26]   批 187/306  组合tick+695021  腿1m+0  完成1122/1835
[10:03:29]   批 188/306  组合tick+698711  腿1m+0  完成1128/1835
[10:03:31]   批 189/306  组合tick+699919  腿1m+0  完成1134/1835
[10:03:33]   批 190/306  组合tick+702620  腿1m+0  完成1140/1835
[10:03:36]   批 191/306  组合tick+705761  腿1m+0  完成1146/1835
[10:03:38]   批 192/306  组合tick+708784  腿1m+0  完成1152/1835
[10:03:40]   批 193/306  组合tick+710677  腿1m+0  完成1158/1835
[10:03:49]   批 194/306  组合tick+713669  腿1m+1108  完成1164/1835
[10:05:51]   批 195/306  组合tick+713669  腿1m+4450  完成1170/1835
[10:06:38]   批 196/306  组合tick+713669  腿1m+7128  完成1176/1835
[10:07:25]   批 197/306  组合tick+713669  腿1m+9805  完成1182/1835
[10:08:15]   批 198/306  组合tick+713669  腿1m+12336  完成1188/1835
[10:09:05]   批 199/306  组合tick+713669  腿1m+14417  完成1194/1835
[10:09:47]   批 200/306  组合tick+713669  腿1m+16297  完成1200/1835
[10:10:50]   批 201/306  组合tick+713669  腿1m+18841  完成1206/1835
[10:11:44]   批 202/306  组合tick+713669  腿1m+21396  完成1212/1835
[10:13:06]   批 203/306  组合tick+713669  腿1m+23478  完成1218/1835
[10:15:04]   批 204/306  组合tick+713669  腿1m+26278  完成1224/1835
[10:16:03]   批 205/306  组合tick+713669  腿1m+29070  完成1230/1835
[10:16:39]   批 206/306  组合tick+713669  腿1m+31614  完成1236/1835
[10:17:27]   批 207/306  组合tick+713669  腿1m+33690  完成1242/1835
[10:18:37]   批 208/306  组合tick+713669  腿1m+35425  完成1248/1835
[10:19:32]   批 209/306  组合tick+713669  腿1m+37876  完成1254/1835
[10:20:01]   批 210/306  组合tick+713669  腿1m+40120  完成1260/1835
[10:20:42]   批 211/306  组合tick+713669  腿1m+42199  完成1266/1835
[10:23:06]   批 212/306  组合tick+713669  腿1m+45000  完成1272/1835
[10:23:44]   批 213/306  组合tick+713669  腿1m+47153  完成1278/1835
[10:23:52]   批 214/306  组合tick+713669  腿1m+48233  完成1284/1835
[10:23:55]   批 215/306  组合tick+713669  腿1m+48961  完成1290/1835
[10:24:28]   批 216/306  组合tick+713669  腿1m+50971  完成1296/1835
[10:25:00]   批 217/306  组合tick+713669  腿1m+53436  完成1302/1835
[10:26:00]   批 218/306  组合tick+713669  腿1m+56284  完成1308/1835
[10:28:16]   批 219/306  组合tick+713669  腿1m+59624  完成1314/1835
[10:29:22]   批 220/306  组合tick+713669  腿1m+62419  完成1320/1835
[10:29:33]   批 221/306  组合tick+713669  腿1m+64038  完成1326/1835
[10:29:44]   批 222/306  组合tick+713669  腿1m+65631  完成1332/1835
[10:30:27]   批 223/306  组合tick+713669  腿1m+67708  完成1338/1835
[10:31:09]   批 224/306  组合tick+713669  腿1m+69666  完成1344/1835
[10:31:32]   批 225/306  组合tick+713669  腿1m+71717  完成1350/1835
[10:31:51]   批 226/306  组合tick+713669  腿1m+73479  完成1356/1835
[10:32:09]   批 227/306  组合tick+713669  腿1m+75529  完成1362/1835
[10:32:21]   批 228/306  组合tick+713669  腿1m+77306  完成1368/1835
[10:32:54]   批 229/306  组合tick+713669  腿1m+79348  完成1374/1835
[10:33:21]   批 230/306  组合tick+713669  腿1m+81151  完成1380/1835
[10:33:37]   批 231/306  组合tick+713669  腿1m+83217  完成1386/1835
[10:33:40]   批 232/306  组合tick+713669  腿1m+84262  完成1392/1835
[10:33:56]   批 233/306  组合tick+713669  腿1m+85757  完成1398/1835
[10:34:16]   批 234/306  组合tick+713669  腿1m+87648  完成1404/1835
[10:34:31]   批 235/306  组合tick+713669  腿1m+89338  完成1410/1835
[10:34:58]   批 236/306  组合tick+713669  腿1m+91321  完成1416/1835
[10:35:38]   批 237/306  组合tick+713669  腿1m+93398  完成1422/1835
[10:36:06]   批 238/306  组合tick+713669  腿1m+95370  完成1428/1835
[10:36:37]   批 239/306  组合tick+713669  腿1m+96932  完成1434/1835
[10:36:54]   批 240/306  组合tick+713669  腿1m+98063  完成1440/1835
[10:36:57]   批 241/306  组合tick+713669  腿1m+98837  完成1446/1835
[10:37:36]   批 242/306  组合tick+713669  腿1m+100918  完成1452/1835
[10:37:57]   批 243/306  组合tick+713669  腿1m+102228  完成1458/1835
[10:38:21]   批 244/306  组合tick+713669  腿1m+103885  完成1464/1835
[10:38:51]   批 245/306  组合tick+713669  腿1m+105652  完成1470/1835
[10:39:05]   批 246/306  组合tick+713669  腿1m+107360  完成1476/1835
[10:39:31]   批 247/306  组合tick+713669  腿1m+109342  完成1482/1835
[10:40:13]   批 248/306  组合tick+713669  腿1m+111391  完成1488/1835
[10:40:39]   批 249/306  组合tick+713669  腿1m+113445  完成1494/1835
[10:41:13]   批 250/306  组合tick+713669  腿1m+115525  完成1500/1835
[10:41:25]   批 251/306  组合tick+713669  腿1m+116838  完成1506/1835
[10:41:33]   批 252/306  组合tick+713669  腿1m+118212  完成1512/1835
[10:41:37]   批 253/306  组合tick+713669  腿1m+119031  完成1518/1835
[10:41:37]   批 254/306  组合tick+713669  腿1m+119037  完成1524/1835
[10:41:37]   批 255/306  组合tick+713669  腿1m+119042  完成1530/1835
[10:42:16]   批 256/306  组合tick+713669  腿1m+120794  完成1536/1835
[10:42:39]   批 257/306  组合tick+713669  腿1m+122551  完成1542/1835
[10:43:00]   批 258/306  组合tick+713669  腿1m+124637  完成1548/1835
[10:43:53]   批 259/306  组合tick+713669  腿1m+126743  完成1554/1835
[10:43:57]   批 260/306  组合tick+713669  腿1m+127193  完成1560/1835
[10:44:09]   批 261/306  组合tick+713669  腿1m+127918  完成1566/1835
[10:44:23]   批 262/306  组合tick+713669  腿1m+129738  完成1572/1835
[10:44:58]   批 263/306  组合tick+713669  腿1m+131841  完成1578/1835
[10:44:59]   批 264/306  组合tick+713669  腿1m+132163  完成1584/1835
[10:45:06]   批 265/306  组合tick+713669  腿1m+132831  完成1590/1835
[10:45:14]   批 266/306  组合tick+713669  腿1m+134125  完成1596/1835
[10:45:55]   批 267/306  组合tick+713669  腿1m+136226  完成1602/1835
[10:46:31]   批 268/306  组合tick+713669  腿1m+138312  完成1608/1835
[10:46:37]   批 269/306  组合tick+713669  腿1m+140291  完成1614/1835
[10:46:40]   批 270/306  组合tick+713669  腿1m+141839  完成1620/1835
[10:46:49]   批 271/306  组合tick+713669  腿1m+142947  完成1626/1835
[10:47:05]   批 272/306  组合tick+713669  腿1m+144080  完成1632/1835
[10:47:22]   批 273/306  组合tick+713669  腿1m+145169  完成1638/1835
[10:47:26]   批 274/306  组合tick+713669  腿1m+146088  完成1644/1835
[10:47:46]   批 275/306  组合tick+713669  腿1m+148164  完成1650/1835
[10:48:17]   批 276/306  组合tick+713669  腿1m+150169  完成1656/1835
[10:48:21]   批 277/306  组合tick+713669  腿1m+150872  完成1662/1835
[10:48:22]   批 278/306  组合tick+713669  腿1m+151066  完成1668/1835
[10:48:57]   批 279/306  组合tick+713669  腿1m+153161  完成1674/1835
[10:49:15]   批 280/306  组合tick+713669  腿1m+154585  完成1680/1835
[10:49:31]   批 281/306  组合tick+713669  腿1m+155932  完成1686/1835
[10:49:49]   批 282/306  组合tick+713669  腿1m+157402  完成1692/1835
[10:50:18]   批 283/306  组合tick+713669  腿1m+159146  完成1698/1835
[10:50:18]   批 284/306  组合tick+713669  腿1m+159151  完成1704/1835
[10:50:45]   批 285/306  组合tick+713669  腿1m+160203  完成1710/1835
[10:50:58]   批 286/306  组合tick+713669  腿1m+161564  完成1716/1835
[10:51:28]   批 287/306  组合tick+713669  腿1m+163312  完成1722/1835
[10:52:29]   批 288/306  组合tick+713669  腿1m+165303  完成1728/1835
[10:53:01]   批 289/306  组合tick+713669  腿1m+167168  完成1734/1835
[10:53:54]   批 290/306  组合tick+713669  腿1m+169117  完成1740/1835
[10:54:21]   批 291/306  组合tick+713669  腿1m+170439  完成1746/1835
[10:55:48]   批 292/306  组合tick+713669  腿1m+172863  完成1752/1835
[10:56:52]   批 293/306  组合tick+713669  腿1m+175510  完成1758/1835
[10:57:40]   批 294/306  组合tick+713669  腿1m+177384  完成1764/1835
[10:57:53]   批 295/306  组合tick+713669  腿1m+178737  完成1770/1835
[10:58:10]   批 296/306  组合tick+713669  腿1m+179966  完成1776/1835
[10:58:22]   批 297/306  组合tick+713669  腿1m+181031  完成1782/1835
[10:58:39]   批 298/306  组合tick+713669  腿1m+182392  完成1788/1835
[10:58:50]   批 299/306  组合tick+713669  腿1m+183698  完成1794/1835
[10:59:05]   批 300/306  组合tick+713669  腿1m+185040  完成1800/1835
[10:59:45]   批 301/306  组合tick+713669  腿1m+186520  完成1806/1835
[11:00:17]   批 302/306  组合tick+713669  腿1m+188005  完成1812/1835
[11:00:55]   批 303/306  组合tick+713669  腿1m+189456  完成1818/1835
[11:01:34]   批 304/306  组合tick+713669  腿1m+190834  完成1824/1835
[11:01:38]   批 305/306  组合tick+713669  腿1m+191439  完成1830/1835
[11:01:38]   批 306/306  组合tick+713669  腿1m+191439  完成1835/1835
[11:01:38] 20260702 完成=True  组合tick 713669 行  腿1m 191439 行
[11:01:38] 20260703 符号清单: 腿 673  组合 1162  (已完成 60)
[11:01:39]   批 1/296  组合tick+2118  腿1m+0  完成66/1835
[11:01:39]   批 2/296  组合tick+2472  腿1m+0  完成72/1835
[11:01:39]   批 3/296  组合tick+2636  腿1m+0  完成78/1835
[11:01:39]   批 4/296  组合tick+2917  腿1m+0  完成84/1835
[11:01:40]   批 5/296  组合tick+9434  腿1m+0  完成90/1835
[11:01:41]   批 6/296  组合tick+12835  腿1m+0  完成96/1835
[11:01:41]   批 7/296  组合tick+13321  腿1m+0  完成102/1835
[11:01:41]   批 8/296  组合tick+13327  腿1m+0  完成108/1835
[11:01:42]   批 9/296  组合tick+14120  腿1m+0  完成114/1835
[11:01:42]   批 10/296  组合tick+14130  腿1m+0  完成120/1835
[11:01:42]   批 11/296  组合tick+14137  腿1m+0  完成126/1835
[11:01:42]   批 12/296  组合tick+14152  腿1m+0  完成132/1835
[11:01:42]   批 13/296  组合tick+18517  腿1m+0  完成138/1835
[11:01:47]   批 14/296  组合tick+43075  腿1m+0  完成144/1835
[11:01:48]   批 15/296  组合tick+46905  腿1m+0  完成150/1835
[11:01:48]   批 16/296  组合tick+48694  腿1m+0  完成156/1835
[11:01:48]   批 17/296  组合tick+48700  腿1m+0  完成162/1835
[11:01:48]   批 18/296  组合tick+48706  腿1m+0  完成168/1835
[11:01:49]   批 19/296  组合tick+48707  腿1m+0  完成174/1835
[11:01:49]   批 20/296  组合tick+48707  腿1m+0  完成180/1835
[11:01:49]   批 21/296  组合tick+48707  腿1m+0  完成186/1835
[11:01:49]   批 22/296  组合tick+48707  腿1m+0  完成192/1835
[11:01:49]   批 23/296  组合tick+48727  腿1m+0  完成198/1835
[11:01:50]   批 24/296  组合tick+53613  腿1m+0  完成204/1835
[11:01:53]   批 25/296  组合tick+77059  腿1m+0  完成210/1835
[11:01:58]   批 26/296  组合tick+101560  腿1m+0  完成216/1835
[11:02:01]   批 27/296  组合tick+120747  腿1m+0  完成222/1835
[11:02:01]   批 28/296  组合tick+120752  腿1m+0  完成228/1835
[11:02:04]   批 29/296  组合tick+139548  腿1m+0  完成234/1835
[11:02:05]   批 30/296  组合tick+145428  腿1m+0  完成240/1835
[11:02:06]   批 31/296  组合tick+153033  腿1m+0  完成246/1835
[11:02:09]   批 32/296  组合tick+166636  腿1m+0  完成252/1835
[11:02:12]   批 33/296  组合tick+182213  腿1m+0  完成258/1835
[11:02:12]   批 34/296  组合tick+183049  腿1m+0  完成264/1835
[11:02:13]   批 35/296  组合tick+191932  腿1m+0  完成270/1835
[11:02:14]   批 36/296  组合tick+195739  腿1m+0  完成276/1835
[11:02:14]   批 37/296  组合tick+196539  腿1m+0  完成282/1835
[11:02:15]   批 38/296  组合tick+196942  腿1m+0  完成288/1835
[11:02:15]   批 39/296  组合tick+196948  腿1m+0  完成294/1835
[11:02:15]   批 40/296  组合tick+197467  腿1m+0  完成300/1835
[11:02:17]   批 41/296  组合tick+209936  腿1m+0  完成306/1835
[11:02:17]   批 42/296  组合tick+210335  腿1m+0  完成312/1835
[11:02:17]   批 43/296  组合tick+210671  腿1m+0  完成318/1835
[11:02:17]   批 44/296  组合tick+210677  腿1m+0  完成324/1835
[11:02:17]   批 45/296  组合tick+210683  腿1m+0  完成330/1835
[11:02:18]   批 46/296  组合tick+210689  腿1m+0  完成336/1835
[11:02:18]   批 47/296  组合tick+212755  腿1m+0  完成342/1835
[11:02:20]   批 48/296  组合tick+224363  腿1m+0  完成348/1835
[11:02:20]   批 49/296  组合tick+228195  腿1m+0  完成354/1835
[11:02:21]   批 50/296  组合tick+228500  腿1m+0  完成360/1835
[11:02:21]   批 51/296  组合tick+228511  腿1m+0  完成366/1835
[11:02:21]   批 52/296  组合tick+230429  腿1m+0  完成372/1835
[11:02:25]   批 53/296  组合tick+256222  腿1m+0  完成378/1835
[11:02:26]   批 54/296  组合tick+265428  腿1m+0  完成384/1835
[11:02:27]   批 55/296  组合tick+266812  腿1m+0  完成390/1835
[11:02:27]   批 56/296  组合tick+266818  腿1m+0  完成396/1835
[11:02:27]   批 57/296  组合tick+266824  腿1m+0  完成402/1835
[11:02:27]   批 58/296  组合tick+266854  腿1m+0  完成408/1835
[11:02:28]   批 59/296  组合tick+273119  腿1m+0  完成414/1835
[11:02:32]   批 60/296  组合tick+291171  腿1m+0  完成420/1835
[11:02:33]   批 61/296  组合tick+296727  腿1m+0  完成426/1835
[11:02:33]   批 62/296  组合tick+296729  腿1m+0  完成432/1835
[11:02:33]   批 63/296  组合tick+296791  腿1m+0  完成438/1835
[11:02:34]   批 64/296  组合tick+300712  腿1m+0  完成444/1835
[11:02:35]   批 65/296  组合tick+305730  腿1m+0  完成450/1835
[11:02:39]   批 66/296  组合tick+320772  腿1m+0  完成456/1835
[11:02:40]   批 67/296  组合tick+327268  腿1m+0  完成462/1835
[11:02:40]   批 68/296  组合tick+327812  腿1m+0  完成468/1835
[11:02:40]   批 69/296  组合tick+329046  腿1m+0  完成474/1835
[11:02:41]   批 70/296  组合tick+340712  腿1m+0  完成480/1835
[11:02:43]   批 71/296  组合tick+344898  腿1m+0  完成486/1835
[11:02:43]   批 72/296  组合tick+348745  腿1m+0  完成492/1835
[11:02:44]   批 73/296  组合tick+348751  腿1m+0  完成498/1835
[11:02:44]   批 74/296  组合tick+353067  腿1m+0  完成504/1835
[11:02:47]   批 75/296  组合tick+369445  腿1m+0  完成510/1835
[11:02:50]   批 76/296  组合tick+383762  腿1m+0  完成516/1835
[11:02:50]   批 77/296  组合tick+386959  腿1m+0  完成522/1835
[11:02:51]   批 78/296  组合tick+389099  腿1m+0  完成528/1835
[11:02:52]   批 79/296  组合tick+393624  腿1m+0  完成534/1835
[11:02:56]   批 80/296  组合tick+405195  腿1m+0  完成540/1835
[11:02:57]   批 81/296  组合tick+409880  腿1m+0  完成546/1835
[11:02:57]   批 82/296  组合tick+410181  腿1m+0  完成552/1835
[11:02:59]   批 83/296  组合tick+431165  腿1m+0  完成558/1835
[11:03:01]   批 84/296  组合tick+441136  腿1m+0  完成564/1835
[11:03:01]   批 85/296  组合tick+441328  腿1m+0  完成570/1835
[11:03:03]   批 86/296  组合tick+446075  腿1m+0  完成576/1835
[11:03:08]   批 87/296  组合tick+481108  腿1m+0  完成582/1835
[11:03:12]   批 88/296  组合tick+503742  腿1m+0  完成588/1835
[11:03:13]   批 89/296  组合tick+511304  腿1m+0  完成594/1835
[11:03:13]   批 90/296  组合tick+512218  腿1m+0  完成600/1835
[11:03:14]   批 91/296  组合tick+516190  腿1m+0  完成606/1835
[11:03:17]   批 92/296  组合tick+524947  腿1m+0  完成612/1835
[11:03:18]   批 93/296  组合tick+530328  腿1m+0  完成618/1835
[11:03:18]   批 94/296  组合tick+530634  腿1m+0  完成624/1835
[11:03:18]   批 95/296  组合tick+530640  腿1m+0  完成630/1835
[11:03:18]   批 96/296  组合tick+530646  腿1m+0  完成636/1835
[11:03:18]   批 97/296  组合tick+530652  腿1m+0  完成642/1835
[11:03:18]   批 98/296  组合tick+530658  腿1m+0  完成648/1835
[11:03:18]   批 99/296  组合tick+530664  腿1m+0  完成654/1835
[11:03:19]   批 100/296  组合tick+530670  腿1m+0  完成660/1835
[11:03:19]   批 101/296  组合tick+530692  腿1m+0  完成666/1835
[11:03:19]   批 102/296  组合tick+532459  腿1m+0  完成672/1835
[11:03:19]   批 103/296  组合tick+534169  腿1m+0  完成678/1835
[11:03:20]   批 104/296  组合tick+534468  腿1m+0  完成684/1835
[11:03:20]   批 105/296  组合tick+535508  腿1m+0  完成690/1835
[11:03:20]   批 106/296  组合tick+537141  腿1m+0  完成696/1835
[11:03:21]   批 107/296  组合tick+537461  腿1m+0  完成702/1835
[11:03:21]   批 108/296  组合tick+537461  腿1m+0  完成708/1835
[11:03:21]   批 109/296  组合tick+537461  腿1m+0  完成714/1835
[11:03:21]   批 110/296  组合tick+537464  腿1m+0  完成720/1835
[11:03:21]   批 111/296  组合tick+539520  腿1m+0  完成726/1835
[11:03:21]   批 112/296  组合tick+539834  腿1m+0  完成732/1835
[11:03:22]   批 113/296  组合tick+540003  腿1m+0  完成738/1835
[11:03:22]   批 114/296  组合tick+541447  腿1m+0  完成744/1835
[11:03:22]   批 115/296  组合tick+542659  腿1m+0  完成750/1835
[11:03:22]   批 116/296  组合tick+543225  腿1m+0  完成756/1835
[11:03:23]   批 117/296  组合tick+543875  腿1m+0  完成762/1835
[11:03:23]   批 118/296  组合tick+544166  腿1m+0  完成768/1835
[11:03:24]   批 119/296  组合tick+550607  腿1m+0  完成774/1835
[11:03:26]   批 120/296  组合tick+556486  腿1m+0  完成780/1835
[11:03:26]   批 121/296  组合tick+556787  腿1m+0  完成786/1835
[11:03:26]   批 122/296  组合tick+557992  腿1m+0  完成792/1835
[11:03:27]   批 123/296  组合tick+563492  腿1m+0  完成798/1835
[11:03:28]   批 124/296  组合tick+565867  腿1m+0  完成804/1835
[11:03:28]   批 125/296  组合tick+566405  腿1m+0  完成810/1835
[11:03:29]   批 126/296  组合tick+566528  腿1m+0  完成816/1835
[11:03:29]   批 127/296  组合tick+566733  腿1m+0  完成822/1835
[11:03:29]   批 128/296  组合tick+566885  腿1m+0  完成828/1835
[11:03:29]   批 129/296  组合tick+568016  腿1m+0  完成834/1835
[11:03:30]   批 130/296  组合tick+569938  腿1m+0  完成840/1835
[11:03:30]   批 131/296  组合tick+570547  腿1m+0  完成846/1835
[11:03:30]   批 132/296  组合tick+570729  腿1m+0  完成852/1835
[11:03:30]   批 133/296  组合tick+571055  腿1m+0  完成858/1835
[11:03:31]   批 134/296  组合tick+572579  腿1m+0  完成864/1835
[11:03:31]   批 135/296  组合tick+572612  腿1m+0  完成870/1835
[11:03:31]   批 136/296  组合tick+574845  腿1m+0  完成876/1835
[11:03:33]   批 137/296  组合tick+579744  腿1m+0  完成882/1835
[11:03:35]   批 138/296  组合tick+581534  腿1m+0  完成888/1835
[11:03:36]   批 139/296  组合tick+582074  腿1m+0  完成894/1835
[11:03:37]   批 140/296  组合tick+584059  腿1m+0  完成900/1835
[11:03:39]   批 141/296  组合tick+586548  腿1m+0  完成906/1835
[11:03:39]   批 142/296  组合tick+586795  腿1m+0  完成912/1835
[11:03:40]   批 143/296  组合tick+588042  腿1m+0  完成918/1835
[11:03:40]   批 144/296  组合tick+588060  腿1m+0  完成924/1835
[11:03:44]   批 145/296  组合tick+595544  腿1m+0  完成930/1835
[11:03:44]   批 146/296  组合tick+596276  腿1m+0  完成936/1835
[11:03:46]   批 147/296  组合tick+598070  腿1m+0  完成942/1835
[11:03:46]   批 148/296  组合tick+599192  腿1m+0  完成948/1835
[11:03:47]   批 149/296  组合tick+599291  腿1m+0  完成954/1835
[11:03:47]   批 150/296  组合tick+599438  腿1m+0  完成960/1835
[11:03:48]   批 151/296  组合tick+599530  腿1m+0  完成966/1835
[11:03:49]   批 152/296  组合tick+600688  腿1m+0  完成972/1835
[11:03:51]   批 153/296  组合tick+601896  腿1m+0  完成978/1835
[11:03:51]   批 154/296  组合tick+601899  腿1m+0  完成984/1835
[11:03:54]   批 155/296  组合tick+606019  腿1m+0  完成990/1835
[11:03:57]   批 156/296  组合tick+612320  腿1m+0  完成996/1835
[11:03:58]   批 157/296  组合tick+613532  腿1m+0  完成1002/1835
[11:03:58]   批 158/296  组合tick+616786  腿1m+0  完成1008/1835
[11:03:58]   批 159/296  组合tick+618256  腿1m+0  完成1014/1835
[11:03:59]   批 160/296  组合tick+619208  腿1m+0  完成1020/1835
[11:03:59]   批 161/296  组合tick+619516  腿1m+0  完成1026/1835
[11:03:59]   批 162/296  组合tick+619516  腿1m+0  完成1032/1835
[11:03:59]   批 163/296  组合tick+624985  腿1m+0  完成1038/1835
[11:04:01]   批 164/296  组合tick+628643  腿1m+0  完成1044/1835
[11:04:02]   批 165/296  组合tick+634963  腿1m+0  完成1050/1835
[11:04:02]   批 166/296  组合tick+636326  腿1m+0  完成1056/1835
[11:04:03]   批 167/296  组合tick+638187  腿1m+0  完成1062/1835
[11:04:03]   批 168/296  组合tick+638209  腿1m+0  完成1068/1835
[11:04:03]   批 169/296  组合tick+638305  腿1m+0  完成1074/1835
[11:04:03]   批 170/296  组合tick+638416  腿1m+0  完成1080/1835
[11:04:03]   批 171/296  组合tick+638469  腿1m+0  完成1086/1835
[11:04:03]   批 172/296  组合tick+638494  腿1m+0  完成1092/1835
[11:04:04]   批 173/296  组合tick+639886  腿1m+0  完成1098/1835
[11:04:04]   批 174/296  组合tick+639890  腿1m+0  完成1104/1835
[11:04:04]   批 175/296  组合tick+643837  腿1m+0  完成1110/1835
[11:04:05]   批 176/296  组合tick+644639  腿1m+0  完成1116/1835
[11:04:05]   批 177/296  组合tick+645388  腿1m+0  完成1122/1835
[11:04:05]   批 178/296  组合tick+646279  腿1m+0  完成1128/1835
[11:04:05]   批 179/296  组合tick+646363  腿1m+0  完成1134/1835
[11:04:06]   批 180/296  组合tick+647757  腿1m+0  完成1140/1835
[11:04:07]   批 181/296  组合tick+651918  腿1m+0  完成1146/1835
[11:04:08]   批 182/296  组合tick+654484  腿1m+0  完成1152/1835
[11:04:09]   批 183/296  组合tick+656678  腿1m+0  完成1158/1835
[11:04:09]   批 184/296  组合tick+657944  腿1m+0  完成1164/1835
[11:04:10]   批 185/296  组合tick+662545  腿1m+0  完成1170/1835
[11:04:11]   批 186/296  组合tick+663380  腿1m+0  完成1176/1835
[11:06:45]   批 187/296  组合tick+665061  腿1m+2227  完成1182/1835
[11:08:57]   批 188/296  组合tick+665061  腿1m+5253  完成1188/1835
[11:09:41]   批 189/296  组合tick+665061  腿1m+7982  完成1194/1835
[11:10:56]   批 190/296  组合tick+665061  腿1m+10605  完成1200/1835
[11:11:58]   批 191/296  组合tick+665061  腿1m+12899  完成1206/1835
[11:12:25]   批 192/296  组合tick+665061  腿1m+14729  完成1212/1835
[11:13:19]   批 193/296  组合tick+665061  腿1m+16798  完成1218/1835
[11:14:33]   批 194/296  组合tick+665061  腿1m+19600  完成1224/1835
[11:16:01]   批 195/296  组合tick+665061  腿1m+21922  完成1230/1835
[11:17:25]   批 196/296  组合tick+665061  腿1m+24242  完成1236/1835
[11:19:14]   批 197/296  组合tick+665061  腿1m+27042  完成1242/1835
[11:20:17]   批 198/296  组合tick+665061  腿1m+29831  完成1248/1835
[11:21:01]   批 199/296  组合tick+665061  腿1m+32141  完成1254/1835
[11:21:39]   批 200/296  组合tick+665061  腿1m+33871  完成1260/1835
[11:23:07]   批 201/296  组合tick+665061  腿1m+35953  完成1266/1835
[11:24:07]   批 202/296  组合tick+665061  腿1m+38674  完成1272/1835
[11:24:44]   批 203/296  组合tick+665061  腿1m+40774  完成1278/1835
[11:26:02]   批 204/296  组合tick+665061  腿1m+43053  完成1284/1835
[11:28:22]   批 205/296  组合tick+665061  腿1m+45852  完成1290/1835
[11:28:47]   批 206/296  组合tick+665061  腿1m+47709  完成1296/1835
[11:28:50]   批 207/296  组合tick+665061  腿1m+48455  完成1302/1835
[11:28:56]   批 208/296  组合tick+665061  腿1m+49581  完成1308/1835
[11:29:36]   批 209/296  组合tick+665061  腿1m+51633  完成1314/1835
[11:30:10]   批 210/296  组合tick+665061  腿1m+54335  完成1320/1835
[11:31:57]   批 211/296  组合tick+665061  腿1m+57412  完成1326/1835
[11:33:46]   批 212/296  组合tick+665061  腿1m+60565  完成1332/1835
[11:34:41]   批 213/296  组合tick+665061  腿1m+63367  完成1338/1835
[11:34:43]   批 214/296  组合tick+665061  腿1m+64478  完成1344/1835
[11:35:12]   批 215/296  组合tick+665061  腿1m+66346  完成1350/1835
[11:35:40]   批 216/296  组合tick+665061  腿1m+68166  完成1356/1835
[11:36:20]   批 217/296  组合tick+665061  腿1m+70223  完成1362/1835
[11:36:34]   批 218/296  组合tick+665061  腿1m+71957  完成1368/1835
[11:36:57]   批 219/296  组合tick+665061  腿1m+73736  完成1374/1835
[11:37:06]   批 220/296  组合tick+665061  腿1m+75725  完成1380/1835
[11:37:19]   批 221/296  组合tick+665061  腿1m+77780  完成1386/1835
[11:37:55]   批 222/296  组合tick+665061  腿1m+79829  完成1392/1835
[11:38:21]   批 223/296  组合tick+665061  腿1m+81691  完成1398/1835
[11:38:28]   批 224/296  组合tick+665061  腿1m+83239  完成1404/1835
[11:38:31]   批 225/296  组合tick+665061  腿1m+84396  完成1410/1835
[11:38:44]   批 226/296  组合tick+665061  腿1m+86180  完成1416/1835
[11:39:04]   批 227/296  组合tick+665061  腿1m+88049  完成1422/1835
[11:39:22]   批 228/296  组合tick+665061  腿1m+89759  完成1428/1835
[11:39:55]   批 229/296  组合tick+665061  腿1m+91749  完成1434/1835
[11:40:15]   批 230/296  组合tick+665061  腿1m+93513  完成1440/1835
[11:40:44]   批 231/296  组合tick+665061  腿1m+94869  完成1446/1835
[11:40:48]   批 232/296  组合tick+665061  腿1m+95635  完成1452/1835
[11:41:15]   批 233/296  组合tick+665061  腿1m+97443  完成1458/1835
[11:41:37]   批 234/296  组合tick+665061  腿1m+99005  完成1464/1835
[11:41:57]   批 235/296  组合tick+665061  腿1m+100563  完成1470/1835
[11:42:15]   批 236/296  组合tick+665061  腿1m+102408  完成1476/1835
[11:42:36]   批 237/296  组合tick+665061  腿1m+104132  完成1482/1835
[11:43:05]   批 238/296  组合tick+665061  腿1m+106114  完成1488/1835
[11:43:40]   批 239/296  组合tick+665061  腿1m+108140  完成1494/1835
[11:44:06]   批 240/296  组合tick+665061  腿1m+110132  完成1500/1835
[11:44:36]   批 241/296  组合tick+665061  腿1m+112206  完成1506/1835
[11:44:48]   批 242/296  组合tick+665061  腿1m+113815  完成1512/1835
[11:44:54]   批 243/296  组合tick+665061  腿1m+115020  完成1518/1835
[11:45:03]   批 244/296  组合tick+665061  腿1m+116644  完成1524/1835
[11:45:03]   批 245/296  组合tick+665061  腿1m+116650  完成1530/1835
[11:45:03]   批 246/296  组合tick+665061  腿1m+116656  完成1536/1835
[11:45:22]   批 247/296  组合tick+665061  腿1m+117707  完成1542/1835
[11:45:52]   批 248/296  组合tick+665061  腿1m+119462  完成1548/1835
[11:46:14]   批 249/296  组合tick+665061  腿1m+121544  完成1554/1835
[11:46:48]   批 250/296  组合tick+665061  腿1m+123641  完成1560/1835
[11:47:01]   批 251/296  组合tick+665061  腿1m+124779  完成1566/1835
[11:47:01]   批 252/296  组合tick+665061  腿1m+124823  完成1572/1835
[11:47:24]   批 253/296  组合tick+665061  腿1m+126915  完成1578/1835
[11:47:49]   批 254/296  组合tick+665061  腿1m+128663  完成1584/1835
[11:47:58]   批 255/296  组合tick+665061  腿1m+129665  完成1590/1835
[11:47:58]   批 256/296  组合tick+665061  腿1m+129879  完成1596/1835
[11:48:12]   批 257/296  组合tick+665061  腿1m+131237  完成1602/1835
[11:48:38]   批 258/296  组合tick+665061  腿1m+133009  完成1608/1835
[11:49:06]   批 259/296  组合tick+665061  腿1m+135098  完成1614/1835
[11:49:22]   批 260/296  组合tick+665061  腿1m+137157  完成1620/1835
[11:49:29]   批 261/296  组合tick+665061  腿1m+139028  完成1626/1835
[11:49:38]   批 262/296  组合tick+665061  腿1m+140395  完成1632/1835
[11:49:46]   批 263/296  组合tick+665061  腿1m+141304  完成1638/1835
[11:49:57]   批 264/296  组合tick+665061  腿1m+142378  完成1644/1835
[11:50:05]   批 265/296  组合tick+665061  腿1m+143692  完成1650/1835
[11:50:22]   批 266/296  组合tick+665061  腿1m+145115  完成1656/1835
[11:50:37]   批 267/296  组合tick+665061  腿1m+147128  完成1662/1835
[11:50:51]   批 268/296  组合tick+665061  腿1m+148533  完成1668/1835
[11:50:51]   批 269/296  组合tick+665061  腿1m+148539  完成1674/1835
[11:51:12]   批 270/296  组合tick+665061  腿1m+150156  完成1680/1835
[11:51:27]   批 271/296  组合tick+665061  腿1m+151846  完成1686/1835
[11:51:40]   批 272/296  组合tick+665061  腿1m+153146  完成1692/1835
[11:51:59]   批 273/296  组合tick+665061  腿1m+154510  完成1698/1835
[11:52:30]   批 274/296  组合tick+665061  腿1m+156462  完成1704/1835
[11:52:32]   批 275/296  组合tick+665061  腿1m+156814  完成1710/1835
[11:52:32]   批 276/296  组合tick+665061  腿1m+156850  完成1716/1835
[11:52:59]   批 277/296  组合tick+665061  腿1m+158594  完成1722/1835
[11:53:44]   批 278/296  组合tick+665061  腿1m+160498  完成1728/1835
[11:54:13]   批 279/296  组合tick+665061  腿1m+162358  完成1734/1835
[11:55:01]   批 280/296  组合tick+665061  腿1m+164313  完成1740/1835
[11:55:26]   批 281/296  组合tick+665061  腿1m+165652  完成1746/1835
[11:56:44]   批 282/296  组合tick+665061  腿1m+168029  完成1752/1835
[11:57:48]   批 283/296  组合tick+665061  腿1m+170694  完成1758/1835
[11:58:26]   批 284/296  组合tick+665061  腿1m+172610  完成1764/1835
[11:58:37]   批 285/296  组合tick+665061  腿1m+173927  完成1770/1835
[11:58:49]   批 286/296  组合tick+665061  腿1m+175207  完成1776/1835
[11:58:59]   批 287/296  组合tick+665061  腿1m+176288  完成1782/1835
[11:59:13]   批 288/296  组合tick+665061  腿1m+177649  完成1788/1835
[11:59:22]   批 289/296  组合tick+665061  腿1m+178969  完成1794/1835
[11:59:36]   批 290/296  组合tick+665061  腿1m+180301  完成1800/1835
[12:00:09]   批 291/296  组合tick+665061  腿1m+181783  完成1806/1835
[12:00:34]   批 292/296  组合tick+665061  腿1m+183268  完成1812/1835
[12:01:07]   批 293/296  组合tick+665061  腿1m+184709  完成1818/1835
[12:01:40]   批 294/296  组合tick+665061  腿1m+186131  完成1824/1835
[12:01:43]   批 295/296  组合tick+665061  腿1m+186737  完成1830/1835
[12:01:43]   批 296/296  组合tick+665061  腿1m+186737  完成1835/1835
[12:01:43] 20260703 完成=True  组合tick 665061 行  腿1m 186737 行
[12:01:43] 20260706 符号清单: 腿 673  组合 1162  (已完成 0)
[12:01:43]   批 1/306  组合tick+2541  腿1m+0  完成6/1835
[12:01:43]   批 2/306  组合tick+2946  腿1m+0  完成12/1835
[12:01:43]   批 3/306  组合tick+3121  腿1m+0  完成18/1835
[12:01:43]   批 4/306  组合tick+3447  腿1m+0  完成24/1835
[12:01:46]   批 5/306  组合tick+20503  腿1m+0  完成30/1835
[12:01:47]   批 6/306  组合tick+29113  腿1m+0  完成36/1835
[12:01:47]   批 7/306  组合tick+29556  腿1m+0  完成42/1835
[12:01:49]   批 8/306  组合tick+41526  腿1m+0  完成48/1835
[12:01:49]   批 9/306  组合tick+44967  腿1m+0  完成54/1835
[12:01:50]   批 10/306  组合tick+44979  腿1m+0  完成60/1835
[12:01:50]   批 11/306  组合tick+44985  腿1m+0  完成66/1835
[12:01:50]   批 12/306  组合tick+45632  腿1m+0  完成72/1835
[12:01:50]   批 13/306  组合tick+45650  腿1m+0  完成78/1835
[12:01:50]   批 14/306  组合tick+45672  腿1m+0  完成84/1835
[12:01:50]   批 15/306  组合tick+49612  腿1m+0  完成90/1835
[12:01:52]   批 16/306  组合tick+61648  腿1m+0  完成96/1835
[12:01:54]   批 17/306  组合tick+72995  腿1m+0  完成102/1835
[12:01:55]   批 18/306  组合tick+76703  腿1m+0  完成108/1835
[12:01:55]   批 19/306  组合tick+77094  腿1m+0  完成114/1835
[12:01:55]   批 20/306  组合tick+77100  腿1m+0  完成120/1835
[12:01:55]   批 21/306  组合tick+77105  腿1m+0  完成126/1835
[12:01:55]   批 22/306  组合tick+77105  腿1m+0  完成132/1835
[12:01:55]   批 23/306  组合tick+77105  腿1m+0  完成138/1835
[12:01:55]   批 24/306  组合tick+77105  腿1m+0  完成144/1835
[12:01:55]   批 25/306  组合tick+77105  腿1m+0  完成150/1835
[12:01:55]   批 26/306  组合tick+77146  腿1m+0  完成156/1835
[12:01:56]   批 27/306  组合tick+81047  腿1m+0  完成162/1835
[12:02:00]   批 28/306  组合tick+114470  腿1m+0  完成168/1835
[12:02:04]   批 29/306  组合tick+142982  腿1m+0  完成174/1835
[12:02:05]   批 30/306  组合tick+150750  腿1m+0  完成180/1835
[12:02:07]   批 31/306  组合tick+166345  腿1m+0  完成186/1835
[12:02:09]   批 32/306  组合tick+174433  腿1m+0  完成192/1835
[12:02:09]   批 33/306  组合tick+176413  腿1m+0  完成198/1835
[12:02:11]   批 34/306  组合tick+186789  腿1m+0  完成204/1835
[12:02:13]   批 35/306  组合tick+201110  腿1m+0  完成210/1835
[12:02:14]   批 36/306  组合tick+207482  腿1m+0  完成216/1835
[12:02:14]   批 37/306  组合tick+208477  腿1m+0  完成222/1835
[12:02:15]   批 38/306  组合tick+216620  腿1m+0  完成228/1835
[12:02:16]   批 39/306  组合tick+221947  腿1m+0  完成234/1835
[12:02:16]   批 40/306  组合tick+222306  腿1m+0  完成240/1835
[12:02:16]   批 41/306  组合tick+222623  腿1m+0  完成246/1835
[12:02:17]   批 42/306  组合tick+223105  腿1m+0  完成252/1835
[12:02:18]   批 43/306  组合tick+232494  腿1m+0  完成258/1835
[12:02:18]   批 44/306  组合tick+234834  腿1m+0  完成264/1835
[12:02:18]   批 45/306  组合tick+235167  腿1m+0  完成270/1835
[12:02:19]   批 46/306  组合tick+235194  腿1m+0  完成276/1835
[12:02:19]   批 47/306  组合tick+235200  腿1m+0  完成282/1835
[12:02:19]   批 48/306  组合tick+235206  腿1m+0  完成288/1835
[12:02:19]   批 49/306  组合tick+235212  腿1m+0  完成294/1835
[12:02:19]   批 50/306  组合tick+236124  腿1m+0  完成300/1835
[12:02:20]   批 51/306  组合tick+245767  腿1m+0  完成306/1835
[12:02:20]   批 52/306  组合tick+245882  腿1m+0  完成312/1835
[12:02:21]   批 53/306  组合tick+245982  腿1m+0  完成318/1835
[12:02:21]   批 54/306  组合tick+247672  腿1m+0  完成324/1835
[12:02:23]   批 55/306  组合tick+262136  腿1m+0  完成330/1835
[12:02:24]   批 56/306  组合tick+273210  腿1m+0  完成336/1835
[12:02:25]   批 57/306  组合tick+278947  腿1m+0  完成342/1835
[12:02:26]   批 58/306  组合tick+279170  腿1m+0  完成348/1835
[12:02:26]   批 59/306  组合tick+279176  腿1m+0  完成354/1835
[12:02:26]   批 60/306  组合tick+279185  腿1m+0  完成360/1835
[12:02:26]   批 61/306  组合tick+286646  腿1m+0  完成366/1835
[12:02:29]   批 62/306  组合tick+304612  腿1m+0  完成372/1835
[12:02:31]   批 63/306  组合tick+314604  腿1m+0  完成378/1835
[12:02:32]   批 64/306  组合tick+316921  腿1m+0  完成384/1835
[12:02:32]   批 65/306  组合tick+316925  腿1m+0  完成390/1835
[12:02:32]   批 66/306  组合tick+316956  腿1m+0  完成396/1835
[12:02:32]   批 67/306  组合tick+321809  腿1m+0  完成402/1835
[12:02:34]   批 68/306  组合tick+333489  腿1m+0  完成408/1835
[12:02:35]   批 69/306  组合tick+341538  腿1m+0  完成414/1835
[12:02:36]   批 70/306  组合tick+347928  腿1m+0  完成420/1835
[12:02:37]   批 71/306  组合tick+347971  腿1m+0  完成426/1835
[12:02:37]   批 72/306  组合tick+349076  腿1m+0  完成432/1835
[12:02:39]   批 73/306  组合tick+360791  腿1m+0  完成438/1835
[12:02:40]   批 74/306  组合tick+368079  腿1m+0  完成444/1835
[12:02:40]   批 75/306  组合tick+369369  腿1m+0  完成450/1835
[12:02:41]   批 76/306  组合tick+374114  腿1m+0  完成456/1835
[12:02:42]   批 77/306  组合tick+381468  腿1m+0  完成462/1835
[12:02:44]   批 78/306  组合tick+393206  腿1m+0  完成468/1835
[12:02:45]   批 79/306  组合tick+402016  腿1m+0  完成474/1835
[12:02:45]   批 80/306  组合tick+402432  腿1m+0  完成480/1835
[12:02:45]   批 81/306  组合tick+403928  腿1m+0  完成486/1835
[12:02:46]   批 82/306  组合tick+411274  腿1m+0  完成492/1835
[12:02:47]   批 83/306  组合tick+415614  腿1m+0  完成498/1835
[12:02:48]   批 84/306  组合tick+419789  腿1m+0  完成504/1835
[12:02:48]   批 85/306  组合tick+419807  腿1m+0  完成510/1835
[12:02:52]   批 86/306  组合tick+445176  腿1m+0  完成516/1835
[12:02:53]   批 87/306  组合tick+451012  腿1m+0  完成522/1835
[12:02:54]   批 88/306  组合tick+454703  腿1m+0  完成528/1835
[12:02:55]   批 89/306  组合tick+465093  腿1m+0  完成534/1835
[12:02:59]   批 90/306  组合tick+489874  腿1m+0  完成540/1835
[12:03:01]   批 91/306  组合tick+506453  腿1m+0  完成546/1835
[12:03:01]   批 92/306  组合tick+506809  腿1m+0  完成552/1835
[12:03:01]   批 93/306  组合tick+507677  腿1m+0  完成558/1835
[12:03:02]   批 94/306  组合tick+511972  腿1m+0  完成564/1835
[12:03:03]   批 95/306  组合tick+516225  腿1m+0  完成570/1835
[12:03:03]   批 96/306  组合tick+519299  腿1m+0  完成576/1835
[12:03:03]   批 97/306  组合tick+519304  腿1m+0  完成582/1835
[12:03:04]   批 98/306  组合tick+519310  腿1m+0  完成588/1835
[12:03:04]   批 99/306  组合tick+519316  腿1m+0  完成594/1835
[12:03:04]   批 100/306  组合tick+519322  腿1m+0  完成600/1835
[12:03:04]   批 101/306  组合tick+519328  腿1m+0  完成606/1835
[12:03:04]   批 102/306  组合tick+519334  腿1m+0  完成612/1835
[12:03:04]   批 103/306  组合tick+519340  腿1m+0  完成618/1835
[12:03:04]   批 104/306  组合tick+519353  腿1m+0  完成624/1835
[12:03:04]   批 105/306  组合tick+522492  腿1m+0  完成630/1835
[12:03:05]   批 106/306  组合tick+524111  腿1m+0  完成636/1835
[12:03:05]   批 107/306  组合tick+525492  腿1m+0  完成642/1835
[12:03:05]   批 108/306  组合tick+526812  腿1m+0  完成648/1835
[12:03:06]   批 109/306  组合tick+528532  腿1m+0  完成654/1835
[12:03:06]   批 110/306  组合tick+528613  腿1m+0  完成660/1835
[12:03:06]   批 111/306  组合tick+528615  腿1m+0  完成666/1835
[12:03:06]   批 112/306  组合tick+528620  腿1m+0  完成672/1835
[12:03:06]   批 113/306  组合tick+530450  腿1m+0  完成678/1835
[12:03:06]   批 114/306  组合tick+530955  腿1m+0  完成684/1835
[12:03:06]   批 115/306  组合tick+531387  腿1m+0  完成690/1835
[12:03:06]   批 116/306  组合tick+531443  腿1m+0  完成696/1835
[12:03:07]   批 117/306  组合tick+533811  腿1m+0  完成702/1835
[12:03:07]   批 118/306  组合tick+534333  腿1m+0  完成708/1835
[12:03:07]   批 119/306  组合tick+534897  腿1m+0  完成714/1835
[12:03:07]   批 120/306  组合tick+535273  腿1m+0  完成720/1835
[12:03:07]   批 121/306  组合tick+535369  腿1m+0  完成726/1835
[12:03:08]   批 122/306  组合tick+543482  腿1m+0  完成732/1835
[12:03:10]   批 123/306  组合tick+546142  腿1m+0  完成738/1835
[12:03:10]   批 124/306  组合tick+546165  腿1m+0  完成744/1835
[12:03:10]   批 125/306  组合tick+547303  腿1m+0  完成750/1835
[12:03:11]   批 126/306  组合tick+552747  腿1m+0  完成756/1835
[12:03:11]   批 127/306  组合tick+554524  腿1m+0  完成762/1835
[12:03:11]   批 128/306  组合tick+554544  腿1m+0  完成768/1835
[12:03:11]   批 129/306  组合tick+554789  腿1m+0  完成774/1835
[12:03:11]   批 130/306  组合tick+554899  腿1m+0  完成780/1835
[12:03:11]   批 131/306  组合tick+554915  腿1m+0  完成786/1835
[12:03:11]   批 132/306  组合tick+555877  腿1m+0  完成792/1835
[12:03:12]   批 133/306  组合tick+557464  腿1m+0  完成798/1835
[12:03:12]   批 134/306  组合tick+557875  腿1m+0  完成804/1835
[12:03:12]   批 135/306  组合tick+557922  腿1m+0  完成810/1835
[12:03:12]   批 136/306  组合tick+559274  腿1m+0  完成816/1835
[12:03:12]   批 137/306  组合tick+559965  腿1m+0  完成822/1835
[12:03:12]   批 138/306  组合tick+559980  腿1m+0  完成828/1835
[12:03:13]   批 139/306  组合tick+563530  腿1m+0  完成834/1835
[12:03:14]   批 140/306  组合tick+571592  腿1m+0  完成840/1835
[12:03:15]   批 141/306  组合tick+574726  腿1m+0  完成846/1835
[12:03:15]   批 142/306  组合tick+576027  腿1m+0  完成852/1835
[12:03:16]   批 143/306  组合tick+578984  腿1m+0  完成858/1835
[12:03:16]   批 144/306  组合tick+580153  腿1m+0  完成864/1835
[12:03:16]   批 145/306  组合tick+580153  腿1m+0  完成870/1835
[12:03:16]   批 146/306  组合tick+581917  腿1m+0  完成876/1835
[12:03:16]   批 147/306  组合tick+581919  腿1m+0  完成882/1835
[12:03:18]   批 148/306  组合tick+588387  腿1m+0  完成888/1835
[12:03:18]   批 149/306  组合tick+589405  腿1m+0  完成894/1835
[12:03:18]   批 150/306  组合tick+590662  腿1m+0  完成900/1835
[12:03:18]   批 151/306  组合tick+591850  腿1m+0  完成906/1835
[12:03:18]   批 152/306  组合tick+591919  腿1m+0  完成912/1835
[12:03:18]   批 153/306  组合tick+591989  腿1m+0  完成918/1835
[12:03:18]   批 154/306  组合tick+592011  腿1m+0  完成924/1835
[12:03:19]   批 155/306  组合tick+596152  腿1m+0  完成930/1835
[12:03:20]   批 156/306  组合tick+597897  腿1m+0  完成936/1835
[12:03:20]   批 157/306  组合tick+598557  腿1m+0  完成942/1835
[12:03:20]   批 158/306  组合tick+599615  腿1m+0  完成948/1835
[12:03:21]   批 159/306  组合tick+603553  腿1m+0  完成954/1835
[12:03:21]   批 160/306  组合tick+604583  腿1m+0  完成960/1835
[12:03:22]   批 161/306  组合tick+606143  腿1m+0  完成966/1835
[12:03:22]   批 162/306  组合tick+608314  腿1m+0  完成972/1835
[12:03:23]   批 163/306  组合tick+615670  腿1m+0  完成978/1835
[12:03:24]   批 164/306  组合tick+617834  腿1m+0  完成984/1835
[12:03:24]   批 165/306  组合tick+619575  腿1m+0  完成990/1835
[12:03:25]   批 166/306  组合tick+622957  腿1m+0  完成996/1835
[12:03:25]   批 167/306  组合tick+624391  腿1m+0  完成1002/1835
[12:03:25]   批 168/306  组合tick+624804  腿1m+0  完成1008/1835
[12:03:25]   批 169/306  组合tick+624804  腿1m+0  完成1014/1835
[12:03:26]   批 170/306  组合tick+628904  腿1m+0  完成1020/1835
[12:03:26]   批 171/306  组合tick+631159  腿1m+0  完成1026/1835
[12:03:27]   批 172/306  组合tick+636261  腿1m+0  完成1032/1835
[12:03:28]   批 173/306  组合tick+637853  腿1m+0  完成1038/1835
[12:03:28]   批 174/306  组合tick+640189  腿1m+0  完成1044/1835
[12:03:28]   批 175/306  组合tick+640211  腿1m+0  完成1050/1835
[12:03:28]   批 176/306  组合tick+640261  腿1m+0  完成1056/1835
[12:03:28]   批 177/306  组合tick+640304  腿1m+0  完成1062/1835
[12:03:29]   批 178/306  组合tick+640314  腿1m+0  完成1068/1835
[12:03:29]   批 179/306  组合tick+640511  腿1m+0  完成1074/1835
[12:03:29]   批 180/306  组合tick+640511  腿1m+0  完成1080/1835
[12:03:29]   批 181/306  组合tick+642005  腿1m+0  完成1086/1835
[12:03:29]   批 182/306  组合tick+643878  腿1m+0  完成1092/1835
[12:03:30]   批 183/306  组合tick+645902  腿1m+0  完成1098/1835
[12:03:30]   批 184/306  组合tick+646832  腿1m+0  完成1104/1835
[12:03:30]   批 185/306  组合tick+647913  腿1m+0  完成1110/1835
[12:03:30]   批 186/306  组合tick+648009  腿1m+0  完成1116/1835
[12:03:30]   批 187/306  组合tick+649503  腿1m+0  完成1122/1835
[12:03:31]   批 188/306  组合tick+653873  腿1m+0  完成1128/1835
[12:03:32]   批 189/306  组合tick+655277  腿1m+0  完成1134/1835
[12:03:33]   批 190/306  组合tick+658851  腿1m+0  完成1140/1835
[12:03:33]   批 191/306  组合tick+660925  腿1m+0  完成1146/1835
[12:03:34]   批 192/306  组合tick+662937  腿1m+0  完成1152/1835
[12:03:35]   批 193/306  组合tick+663949  腿1m+0  完成1158/1835
[12:04:33]   批 194/306  组合tick+665573  腿1m+1103  完成1164/1835
[12:07:23]   批 195/306  组合tick+665573  腿1m+4443  完成1170/1835
[12:08:04]   批 196/306  组合tick+665573  腿1m+7058  完成1176/1835
[12:08:47]   批 197/306  组合tick+665573  腿1m+9646  完成1182/1835
[12:09:28]   批 198/306  组合tick+665573  腿1m+12150  完成1188/1835
[12:10:21]   批 199/306  组合tick+665573  腿1m+14232  完成1194/1835
[12:11:01]   批 200/306  组合tick+665573  腿1m+16092  完成1200/1835
[12:11:56]   批 201/306  组合tick+665573  腿1m+18628  完成1206/1835
[12:12:43]   批 202/306  组合tick+665573  腿1m+21180  完成1212/1835
[12:14:11]   批 203/306  组合tick+665573  腿1m+23262  完成1218/1835
[12:16:04]   批 204/306  组合tick+665573  腿1m+26063  完成1224/1835
[12:16:58]   批 205/306  组合tick+665573  腿1m+28838  完成1230/1835
[12:17:28]   批 206/306  组合tick+665573  腿1m+31351  完成1236/1835
[12:18:16]   批 207/306  组合tick+665573  腿1m+33424  完成1242/1835
[12:19:24]   批 208/306  组合tick+665573  腿1m+35159  完成1248/1835
[12:20:26]   批 209/306  组合tick+665573  腿1m+37602  完成1254/1835
[12:21:01]   批 210/306  组合tick+665573  腿1m+39993  完成1260/1835
[12:21:44]   批 211/306  组合tick+665573  腿1m+42072  完成1266/1835
[12:24:14]   批 212/306  组合tick+665573  腿1m+44873  完成1272/1835
[12:24:51]   批 213/306  组合tick+665573  腿1m+47078  完成1278/1835
[12:24:59]   批 214/306  组合tick+665573  腿1m+48161  完成1284/1835
[12:25:01]   批 215/306  组合tick+665573  腿1m+49057  完成1290/1835
[12:25:28]   批 216/306  组合tick+665573  腿1m+50989  完成1296/1835
[12:25:54]   批 217/306  组合tick+665573  腿1m+53422  完成1302/1835
[12:26:48]   批 218/306  组合tick+665573  腿1m+56272  完成1308/1835
[12:28:42]   批 219/306  组合tick+665573  腿1m+59599  完成1314/1835
[12:29:38]   批 220/306  组合tick+665573  腿1m+62367  完成1320/1835
[12:29:53]   批 221/306  组合tick+665573  腿1m+63930  完成1326/1835
[12:30:00]   批 222/306  组合tick+665573  腿1m+65528  完成1332/1835
[12:30:39]   批 223/306  组合tick+665573  腿1m+67598  完成1338/1835
[12:31:16]   批 224/306  组合tick+665573  腿1m+69470  完成1344/1835
[12:31:35]   批 225/306  组合tick+665573  腿1m+71173  完成1350/1835
[12:31:53]   批 226/306  组合tick+665573  腿1m+72967  完成1356/1835
[12:32:08]   批 227/306  组合tick+665573  腿1m+75000  完成1362/1835
[12:32:19]   批 228/306  组合tick+665573  腿1m+76873  完成1368/1835
[12:32:46]   批 229/306  组合tick+665573  腿1m+78835  完成1374/1835
[12:33:13]   批 230/306  组合tick+665573  腿1m+80619  完成1380/1835
[12:33:29]   批 231/306  组合tick+665573  腿1m+82682  完成1386/1835
[12:33:32]   批 232/306  组合tick+665573  腿1m+83738  完成1392/1835
[12:33:46]   批 233/306  组合tick+665573  腿1m+85154  完成1398/1835
[12:34:01]   批 234/306  组合tick+665573  腿1m+86900  完成1404/1835
[12:34:12]   批 235/306  组合tick+665573  腿1m+88600  完成1410/1835
[12:34:31]   批 236/306  组合tick+665573  腿1m+90599  完成1416/1835
[12:35:05]   批 237/306  组合tick+665573  腿1m+92674  完成1422/1835
[12:35:30]   批 238/306  组合tick+665573  腿1m+94476  完成1428/1835
[12:36:00]   批 239/306  组合tick+665573  腿1m+96059  完成1434/1835
[12:36:16]   批 240/306  组合tick+665573  腿1m+97190  完成1440/1835
[12:36:18]   批 241/306  组合tick+665573  腿1m+97740  完成1446/1835
[12:36:53]   批 242/306  组合tick+665573  腿1m+99822  完成1452/1835
[12:37:13]   批 243/306  组合tick+665573  腿1m+101119  完成1458/1835
[12:37:38]   批 244/306  组合tick+665573  腿1m+102959  完成1464/1835
[12:38:08]   批 245/306  组合tick+665573  腿1m+104769  完成1470/1835
[12:38:20]   批 246/306  组合tick+665573  腿1m+106486  完成1476/1835
[12:38:44]   批 247/306  组合tick+665573  腿1m+108427  完成1482/1835
[12:39:21]   批 248/306  组合tick+665573  腿1m+110484  完成1488/1835
[12:39:45]   批 249/306  组合tick+665573  腿1m+112495  完成1494/1835
[12:40:12]   批 250/306  组合tick+665573  腿1m+114560  完成1500/1835
[12:40:19]   批 251/306  组合tick+665573  腿1m+115864  完成1506/1835
[12:40:24]   批 252/306  组合tick+665573  腿1m+117185  完成1512/1835
[12:40:27]   批 253/306  组合tick+665573  腿1m+118009  完成1518/1835
[12:40:27]   批 254/306  组合tick+665573  腿1m+118015  完成1524/1835
[12:40:27]   批 255/306  组合tick+665573  腿1m+118020  完成1530/1835
[12:40:59]   批 256/306  组合tick+665573  腿1m+119759  完成1536/1835
[12:41:18]   批 257/306  组合tick+665573  腿1m+121514  完成1542/1835
[12:41:31]   批 258/306  组合tick+665573  腿1m+123591  完成1548/1835
[12:42:13]   批 259/306  组合tick+665573  腿1m+125701  完成1554/1835
[12:42:14]   批 260/306  组合tick+665573  腿1m+126159  完成1560/1835
[12:42:27]   批 261/306  组合tick+665573  腿1m+126868  完成1566/1835
[12:42:39]   批 262/306  组合tick+665573  腿1m+128683  完成1572/1835
[12:43:10]   批 263/306  组合tick+665573  腿1m+130785  完成1578/1835
[12:43:11]   批 264/306  组合tick+665573  腿1m+131106  完成1584/1835
[12:43:19]   批 265/306  组合tick+665573  腿1m+131732  完成1590/1835
[12:43:25]   批 266/306  组合tick+665573  腿1m+132945  完成1596/1835
[12:43:52]   批 267/306  组合tick+665573  腿1m+135038  完成1602/1835
[12:44:19]   批 268/306  组合tick+665573  腿1m+137081  完成1608/1835
[12:44:28]   批 269/306  组合tick+665573  腿1m+138946  完成1614/1835
[12:44:30]   批 270/306  组合tick+665573  腿1m+140583  完成1620/1835
[12:44:42]   批 271/306  组合tick+665573  腿1m+141714  完成1626/1835
[12:44:55]   批 272/306  组合tick+665573  腿1m+142848  完成1632/1835
[12:45:07]   批 273/306  组合tick+665573  腿1m+143884  完成1638/1835
[12:45:11]   批 274/306  组合tick+665573  腿1m+144730  完成1644/1835
[12:45:27]   批 275/306  组合tick+665573  腿1m+146798  完成1650/1835
[12:45:53]   批 276/306  组合tick+665573  腿1m+148813  完成1656/1835
[12:45:59]   批 277/306  组合tick+665573  腿1m+149508  完成1662/1835
[12:45:59]   批 278/306  组合tick+665573  腿1m+149770  完成1668/1835
[12:46:27]   批 279/306  组合tick+665573  腿1m+151864  完成1674/1835
[12:46:42]   批 280/306  组合tick+665573  腿1m+153291  完成1680/1835
[12:46:53]   批 281/306  组合tick+665573  腿1m+154632  完成1686/1835
[12:47:07]   批 282/306  组合tick+665573  腿1m+156091  完成1692/1835
[12:47:37]   批 283/306  组合tick+665573  腿1m+157850  完成1698/1835
[12:47:37]   批 284/306  组合tick+665573  腿1m+157855  完成1704/1835
[12:47:53]   批 285/306  组合tick+665573  腿1m+158567  完成1710/1835
[12:48:03]   批 286/306  组合tick+665573  腿1m+159926  完成1716/1835
[12:48:29]   批 287/306  组合tick+665573  腿1m+161671  完成1722/1835
[12:49:14]   批 288/306  组合tick+665573  腿1m+163586  完成1728/1835
[12:49:45]   批 289/306  组合tick+665573  腿1m+165421  完成1734/1835
[12:50:33]   批 290/306  组合tick+665573  腿1m+167373  完成1740/1835
[12:50:56]   批 291/306  组合tick+665573  腿1m+168603  完成1746/1835
[12:52:09]   批 292/306  组合tick+665573  腿1m+171026  完成1752/1835
[12:53:05]   批 293/306  组合tick+665573  腿1m+173628  完成1758/1835
[12:53:47]   批 294/306  组合tick+665573  腿1m+175548  完成1764/1835
[12:53:56]   批 295/306  组合tick+665573  腿1m+176867  完成1770/1835
[12:54:08]   批 296/306  组合tick+665573  腿1m+178084  完成1776/1835
[12:54:18]   批 297/306  组合tick+665573  腿1m+179045  完成1782/1835
[12:54:30]   批 298/306  组合tick+665573  腿1m+180402  完成1788/1835
[12:54:37]   批 299/306  组合tick+665573  腿1m+181700  完成1794/1835
[12:54:51]   批 300/306  组合tick+665573  腿1m+183000  完成1800/1835
[12:55:26]   批 301/306  组合tick+665573  腿1m+184474  完成1806/1835
[12:55:50]   批 302/306  组合tick+665573  腿1m+185959  完成1812/1835
[12:56:23]   批 303/306  组合tick+665573  腿1m+187371  完成1818/1835
[12:56:56]   批 304/306  组合tick+665573  腿1m+188737  完成1824/1835
[12:56:59]   批 305/306  组合tick+665573  腿1m+189287  完成1830/1835
[12:56:59]   批 306/306  组合tick+665573  腿1m+189287  完成1835/1835
[12:56:59] 20260706 完成=True  组合tick 665573 行  腿1m 189287 行
2026-07-07 12:56:59 -     INFO - 模拟交易成交记录, 账户: TQSIM
2026-07-07 12:56:59 -     INFO - 模拟交易账户资金, 账户: TQSIM
2026-07-07 12:56:59 -     INFO - 日期: 2026-07-07, 账户权益: 10000000.00, 可用资金: 10000000.00, 浮动盈亏: 0.00, 持仓盈亏: 0.00, 平仓盈亏: 0.00, 市值: 0.00, 保证金: 0.00, 手续费: 0.00, 风险度: 0.00%
2026-07-07 12:56:59 -     INFO - 胜率: 0.00%, 盈亏额比例: inf, 收益率: 0.00%, 年化收益率: 0.00%, 最大回撤: 0.00%, 年化夏普率: inf,年化索提诺比率: -15.8114
